2026-08-03 15:53:35,221 - aqt.main - INFO - installer 10352 aqtinstall(aqt) v3.3.0 on Python 3.14.6 [CPython MSC v.1944 64 bit (AMD64)]
2026-08-03 15:53:35,222 - aqt.helper - DEBUG - helper 10352 Attempt to download checksum at https://download.qt.io/online/qtsdkrepository/windows_x86/desktop/qt6_680/qt6_680/Updates.xml.sha256
2026-08-03 15:53:37,113 - aqt.helper - DEBUG - helper 10352 Attempt to download checksum at https://download.qt.io/online/qtsdkrepository/windows_x86/extensions/qtwebengine/680/msvc2022_64/Updates.xml.sha256
2026-08-03 15:53:38,869 - aqt.archives - INFO - archives 10352 Found extension qtwebengine
2026-08-03 15:53:45,625 - aqt.helper - DEBUG - helper 10352 Attempt to download checksum at https://download.qt.io/online/qtsdkrepository/windows_x86/extensions/qtpdf/680/msvc2022_64/Updates.xml.sha256
2026-08-03 15:53:47,276 - aqt.archives - INFO - archives 10352 Found extension qtpdf
2026-08-03 15:53:47,285 - aqt.main - ERROR - installer 10352 The packages ['qtwidgets'] were not found while parsing XML of package information!
==============================Suggested follow-up:==============================
* Please use 'aqt list-qt windows desktop --modules 6.8.0 <arch>' to show modules available.
2026-08-03 15:53:56,058 - aqt.main - INFO - installer 11248 aqtinstall(aqt) v3.3.0 on Python 3.14.6 [CPython MSC v.1944 64 bit (AMD64)]
2026-08-03 15:54:01,594 - aqt.helper - DEBUG - helper 11248 Attempt to download checksum at https://download.qt.io/online/qtsdkrepository/windows_x86/desktop/qt6_680/qt6_680/Updates.xml.sha256
2026-08-03 15:54:03,608 - aqt.helper - DEBUG - helper 11248 Attempt to download checksum at https://download.qt.io/online/qtsdkrepository/windows_x86/extensions/qtwebengine/680/msvc2022_64/Updates.xml.sha256
2026-08-03 15:54:05,257 - aqt.archives - INFO - archives 11248 Found extension qtwebengine
2026-08-03 15:54:05,257 - aqt.helper - DEBUG - helper 11248 Attempt to download checksum at https://download.qt.io/online/qtsdkrepository/windows_x86/extensions/qtpdf/680/msvc2022_64/Updates.xml.sha256
2026-08-03 15:54:06,880 - aqt.archives - INFO - archives 11248 Found extension qtpdf
2026-08-03 15:54:07,581 - aqt.helper - DEBUG - helper 5316 Attempt to download checksum at https://download.qt.io/online/qtsdkrepository/windows_x86/desktop/qt6_680/qt6_680/qt.qt6.680.win64_msvc2022_64/6.8.0-0-202410030750qtbase-Windows-Windows_11_23H2-MSVC2022-Windows-Windows_11_23H2-X86_64.7z.sha256
2026-08-03 15:54:07,675 - aqt.helper - DEBUG - helper 11244 Attempt to download checksum at https://download.qt.io/online/qtsdkrepository/windows_x86/desktop/qt6_680/qt6_680/qt.qt6.680.win64_msvc2022_64/6.8.0-0-202410030750qtsvg-Windows-Windows_11_23H2-MSVC2022-Windows-Windows_11_23H2-X86_64.7z.sha256
2026-08-03 15:54:07,746 - aqt.helper - DEBUG - helper 12768 Attempt to download checksum at https://download.qt.io/online/qtsdkrepository/windows_x86/desktop/qt6_680/qt6_680/qt.qt6.680.win64_msvc2022_64/6.8.0-0-202410030750qtdeclarative-Windows-Windows_11_23H2-MSVC2022-Windows-Windows_11_23H2-X86_64.7z.sha256
2026-08-03 15:54:07,826 - aqt.helper - DEBUG - helper 5924 Attempt to download checksum at https://download.qt.io/online/qtsdkrepository/windows_x86/desktop/qt6_680/qt6_680/qt.qt6.680.win64_msvc2022_64/6.8.0-0-202410030750qttools-Windows-Windows_11_23H2-MSVC2022-Windows-Windows_11_23H2-X86_64.7z.sha256
2026-08-03 15:54:08,430 - aqt.helper - INFO - helper 5316 Downloading qtbase...
2026-08-03 15:54:08,430 - aqt.installer - DEBUG - installer 5316 Download URL: https://download.qt.io/online/qtsdkrepository/windows_x86/desktop/qt6_680/qt6_680/qt.qt6.680.win64_msvc2022_64/6.8.0-0-202410030750qtbase-Windows-Windows_11_23H2-MSVC2022-Windows-Windows_11_23H2-X86_64.7z
2026-08-03 15:54:08,496 - aqt.helper - INFO - helper 11244 Downloading qtsvg...
2026-08-03 15:54:08,496 - aqt.installer - DEBUG - installer 11244 Download URL: https://download.qt.io/online/qtsdkrepository/windows_x86/desktop/qt6_680/qt6_680/qt.qt6.682026-08-03 15:54:09,416 - aqt.helper - DEBUG - helper 12768 Asked to redirect(302) to: https://mirror.maeen.sa/qtproject/online/qtsdkrepository/windows_x86/desktop/qt6_680/qt6_680/qt.qt6.680.win64_msvc2022_64/6.8.0-0-202410030750qtdeclarative-Windows-Windows_11_23H2-MSVC2022-Windows-Windows_11_23H2-X86_64.7z
2026-08-03 15:54:09,909 - aqt.helper - INFO - helper 5924 Redirected: mirror.maeen.sa
2026-08-03 15:54:09,909 - aqt.helper - INFO - helper 11244 Redirected: mirror.maeen.sa
2026-08-03 15:54:09,909 - aqt.helper - INFO - helper 12768 Redirected: mirror.maeen.sa
2026-08-03 15:54:08,579 - aqt.installer - DEBUG - installer 12768 Download URL: https://download.qt.io/online/qtsdkrepository/windows_x86/desktop/qt6_680/qt6_680/qt.qt6.680.win64_msvc2022_64/6.8.0-0-202410030750qtdeclarative-Windows-Windows_11_23H2-MSVC2022-Windows-Windows_11_23H2-X86_64.7z
2026-08-03 15:54:08,667 - aqt.installer - DEBUG - installer 5924 Download URL: https://download.qt.io/online/qtsdkrepository/windows_x86/desktop/qt6_680/qt6_680/qt.qt6.680.win64_msvc2022_64/6.8.0-0-202410030750qttools-Windows-Windows_11_23H2-MSVC2022-Windows-Windows_11_23H2-X86_64.7z
2026-08-03 15:54:12,338 - aqt.installer - INFO - installer 11244 Finished installation of qtsvg-Windows-Windows_11_23H2-MSVC2022-Windows-Windows_11_23H2-X86_64.7z in 4.66499660
2026-08-03 15:54:12,349 - aqt.helper - DEBUG - helper 11244 Attempt to download checksum at https://download.qt.io/online/qtsdkrepository/windows_x86/desktop/qt6_680/qt6_680/qt.qt6.680.win64_msvc2022_64/6.8.0-0-202410030750qttranslations-Windows-Windows_11_23H2-MSVC2022-Windows-Windows_11_23H2-X86_64.7z.sha256
2026-08-03 15:54:13,226 - aqt.helper - INFO - helper 11244 Downloading qttranslations...
2026-08-03 15:54:13,226 - aqt.installer - DEBUG - installer 11244 Download URL: https://download.qt.io/online/qtsdkrepository/windows_x86/desktop/qt6_680/qt6_680/qt.qt6.680.win64_msvc2022_64/6.8.0-0-202410030750qttranslations-Windows-Windows_11_23H2-MSVC2022-Windows-Windows_11_23H2-X86_64.7z
2026-08-03 15:54:14,051 - aqt.helper - DEBUG - helper 11244 Asked to redirect(302) to: https://mirror.maeen.sa/qtproject/online/qtsdkrepository/windows_x86/desktop/qt6_680/qt6_680/qt.qt6.680.win64_msvc2022_64/6.8.0-0-202410030750qttranslations-Windows-Windows_11_23H2-MSVC2022-Windows-Windows_11_23H2-X86_64.7z
2026-08-03 15:54:14,051 - aqt.helper - INFO - helper 11244 Redirected: mirror.maeen.sa
2026-08-03 15:54:19,183 - aqt.installer - INFO - installer 11244 Finished installation of qttranslations-Windows-Windows_11_23H2-MSVC2022-Windows-Windows_11_23H2-X86_64.7z in 6.83591180
2026-08-03 15:54:22,528 - aqt.installer - INFO - installer 5924 Finished installation of qttools-Windows-Windows_11_23H2-MSVC2022-Windows-Windows_11_23H2-X86_64.7z in 14.70356740
2026-08-03 15:54:24,588 - aqt.helper - DEBUG - helper 11244 Attempt to download checksum at https://download.qt.io/online/qtsdkrepository/windows_x86/desktop/qt6_680/qt6_680/qt.qt6.680.win64_msvc2022_64/6.8.0-0-202410030750d3dcompiler_47-x64.7z.sha256
2026-08-03 15:54:24,588 - aqt.helper - DEBUG - helper 5924 Attempt to download checksum at https://download.qt.io/online/qtsdkrepository/windows_x86/desktop/qt6_680/qt6_680/qt.qt6.680.win64_msvc2022_64/6.8.0-0-202410030750opengl32sw-64-mesa_11_2_2-signed_sha256.7z.sha256
2026-08-03 15:54:25,428 - aqt.helper - INFO - helper 11244 Downloading d3dcompiler_47...
2026-08-03 15:54:25,428 - aqt.installer - DEBUG - installer 11244 Download URL: https://download.qt.io/online/qtsdkrepository/windows_x86/desktop/qt6_680/qt6_680/qt.qt6.680.win64_msvc2022_64/6.8.0-0-202410030750d3dcompiler_47-x64.7z
2026-08-03 15:54:25,464 - aqt.helper - INFO - helper 5924 Downloading opengl32sw...
2026-08-03 15:54:25,465 - aqt.installer - DEBUG - installer 5924 Download URL: https://download.qt.io/online/qtsdkrepository/windows_x86/desktop/qt6_680/qt6_680/qt.qt6.680.win64_msvc2022_64/6.8.0-0-202410030750opengl32sw-64-mesa_11_2_2-signed_sha256.7z
2026-08-03 15:54:26,245 - aqt.helper - DEBUG - helper 11244 Asked to redirect(302) to: https://mirror.maeen.sa/qtproject/online/qtsdkrepository/windows_x86/desktop/qt6_680/qt6_680/qt.qt6.680.win64_msvc2022_64/6.8.0-0-202410030750d3dcompiler_47-x64.7z
2026-08-03 15:54:26,245 - aqt.helper - INFO - helper 11244 Redirected: mirror.maeen.sa
2026-08-03 15:54:26,270 - aqt.helper - DEBUG - helper 5924 Asked to redirect(302) to: https://mirror.maeen.sa/qtproject/online/qtsdkrepository/windows_x86/desktop/qt6_680/qt6_680/qt.qt6.680.win64_msvc2022_64/6.8.0-0-202410030750opengl32sw-64-mesa_11_2_2-signed_sha256.7z
2026-08-03 15:54:26,270 - aqt.helper - INFO - helper 5924 Redirected: mirror.maeen.sa
2026-08-03 15:54:28,707 - aqt.installer - INFO - installer 11244 Finished installation of d3dcompiler_47-x64.7z in 9.51421350
2026-08-03 15:54:30,563 - aqt.installer - INFO - installer 5924 Finished installation of opengl32sw-64-mesa_11_2_2-signed_sha256.7z in 8.02586170
2026-08-03 15:55:05,173 - aqt.installer - INFO - installer 5316 Finished installation of qtbase-Windows-Windows_11_23H2-MSVC2022-Windows-Windows_11_23H2-X86_64.7z in 57.59439680
2026-08-03 15:55:28,632 - aqt.installer - INFO - installer 12768 Finished installation of qtdeclarative-Windows-Windows_11_23H2-MSVC2022-Windows-Windows_11_23H2-X86_64.7z in 80.88817970
2026-08-03 15:55:29,828 - aqt.updater - INFO - updater 11248 Patching C:\Qt\6.8.0\msvc2022_64\bin\qmake.exe
2026-08-03 15:55:29,831 - aqt.updater - INFO - updater 11248 Patching C:\Qt\6.8.0\msvc2022_64\lib\Qt6Concurrent.prl
2026-08-03 15:55:29,839 - aqt.updater - INFO - updater 11248 Patching C:\Qt\6.8.0\msvc2022_64\lib\Qt6Concurrentd.prl
2026-08-03 15:55:29,847 - aqt.updater - INFO - updater 11248 Patching C:\Qt\6.8.0\msvc2022_64\lib\Qt6Core.prl
2026-08-03 15:55:29,855 - aqt.updater - INFO - updater 11248 Patching C:\Qt\6.8.0\msvc2022_64\lib\Qt6Cored.prl
2026-08-03 15:55:29,862 - aqt.updater - INFO - updater 11248 Patching C:\Qt\6.8.0\msvc2022_64\lib\Qt6DBus.prl
2026-08-03 15:55:29,869 - aqt.updater - INFO - updater 11248 Patching C:\Qt\6.8.0\msvc2022_64\lib\Qt6DBusd.prl
2026-08-03 15:55:29,876 - aqt.updater - INFO - updater 11248 Patching C:\Qt\6.8.0\msvc2022_64\lib\Qt6Designer.prl
2026-08-03 15:55:29,882 - aqt.updater - INFO - updater 11248 Patching C:\Qt\6.8.0\msvc2022_64\lib\Qt6DesignerComponents.prl
2026-08-03 15:55:29,891 - aqt.updater - INFO - updater 11248 Patching C:\Qt\6.8.0\msvc2022_64\lib\Qt6DesignerComponentsd.prl
2026-08-03 15:55:29,897 - aqt.updater - INFO - updater 11248 Patching C:\Qt\6.8.0\msvc2022_64\lib\Qt6Designerd.prl
2026-08-03 15:55:29,904 - aqt.updater - INFO - updater 11248 Patching C:\Qt\6.8.0\msvc2022_64\lib\Qt6DeviceDiscoverySupport.prl
2026-08-03 15:55:29,911 - aqt.updater - INFO - updater 11248 Patching C:\Qt\6.8.0\msvc2022_64\lib\Qt6DeviceDiscoverySupportd.prl
2026-08-03 15:55:29,918 - aqt.updater - INFO - updater 11248 Patching C:\Qt\6.8.0\msvc2022_64\lib\Qt6EntryPoint.prl
2026-08-03 15:55:29,925 - aqt.updater - INFO - updater 11248 Patching C:\Qt\6.8.0\msvc2022_64\lib\Qt6EntryPointd.prl
2026-08-03 15:55:29,932 - aqt.updater - INFO - updater 11248 Patching C:\Qt\6.8.0\msvc2022_64\lib\Qt6ExampleIcons.prl
2026-08-03 15:55:29,939 - aqt.updater - INFO - updater 11248 Patching C:\Qt\6.8.0\msvc2022_64\lib\Qt6ExampleIconsd.prl
2026-08-03 15:55:29,945 - aqt.updater - INFO - updater 11248 Patching C:\Qt\6.8.0\msvc2022_64\lib\Qt6ExamplesAssetDownloader.prl
2026-08-03 15:55:29,953 - aqt.updater - INFO - updater 11248 Patching C:\Qt\6.8.0\msvc2022_64\lib\Qt6ExamplesAssetDownloaderd.prl
2026-08-03 15:55:29,960 - aqt.updater - INFO - updater 11248 Patching C:\Qt\6.8.0\msvc2022_64\lib\Qt6FbSupport.prl
2026-08-03 15:55:29,967 - aqt.updater - INFO - updater 11248 Patching C:\Qt\6.8.0\msvc2022_64\lib\Qt6FbSupportd.prl
2026-08-03 15:55:29,974 - aqt.updater - INFO - updater 11248 Patching C:\Qt\6.8.0\msvc2022_64\lib\Qt6Gui.prl
2026-08-03 15:55:29,981 - aqt.updater - INFO - updater 11248 Patching C:\Qt\6.8.0\msvc2022_64\lib\Qt6Guid.prl
2026-08-03 15:55:29,988 - aqt.updater - INFO - updater 11248 Patching C:\Qt\6.8.0\msvc2022_64\lib\Qt6Help.prl
2026-08-03 15:55:29,994 - aqt.updater - INFO - updater 11248 Patching C:\Qt\6.8.0\msvc2022_64\lib\Qt6Helpd.prl
2026-08-03 15:55:30,001 - aqt.updater - INFO - updater 11248 Patching C:\Qt\6.8.0\msvc2022_64\lib\Qt6LabsAnimation.prl
2026-08-03 15:55:30,008 - aqt.updater - INFO - updater 11248 Patching C:\Qt\6.8.0\msvc2022_64\lib\Qt6LabsAnimationd.prl
2026-08-03 15:55:30,014 - aqt.updater - INFO - updater 11248 Patching C:\Qt\6.8.0\msvc2022_64\lib\Qt6LabsFolderListModel.prl
2026-08-03 15:55:30,022 - aqt.updater - INFO - updater 11248 Patching C:\Qt\6.8.0\msvc2022_64\lib\Qt6LabsFolderListModeld.prl
2026-08-03 15:55:30,028 - aqt.updater - INFO - updater 11248 Patching C:\Qt\6.8.0\msvc2022_64\lib\Qt6LabsPlatform.prl
2026-08-03 15:55:30,035 - aqt.updater - INFO - updater 11248 Patching C:\Qt\6.8.0\msvc2022_64\lib\Qt6LabsPlatformd.prl
2026-08-03 15:55:30,043 - aqt.updater - INFO - updater 11248 Patching C:\Qt\6.8.0\msvc2022_64\lib\Qt6LabsQmlModels.prl
2026-08-03 15:55:30,049 - aqt.updater - INFO - updater 11248 Patching C:\Qt\6.8.0\msvc2022_64\lib\Qt6LabsQmlModelsd.prl
2026-08-03 15:55:30,056 - aqt.updater - INFO - updater 11248 Patching C:\Qt\6.8.0\msvc2022_64\lib\Qt6LabsSettings.prl
2026-08-03 15:55:30,063 - aqt.updater - INFO - updater 11248 Patching C:\Qt\6.8.0\msvc2022_64\lib\Qt6LabsSettingsd.prl
2026-08-03 15:55:30,070 - aqt.updater - INFO - updater 11248 Patching C:\Qt\6.8.0\msvc2022_64\lib\Qt6LabsSharedImage.prl
2026-08-03 15:55:30,077 - aqt.updater - INFO - updater 11248 Patching C:\Qt\6.8.0\msvc2022_64\lib\Qt6LabsSharedImaged.prl
2026-08-03 15:55:30,084 - aqt.updater - INFO - updater 11248 Patching C:\Qt\6.8.0\msvc2022_64\lib\Qt6LabsWavefrontMesh.prl
2026-08-03 15:55:30,091 - aqt.updater - INFO - updater 11248 Patching C:\Qt\6.8.0\msvc2022_64\lib\Qt6LabsWavefrontMeshd.prl
2026-08-03 15:55:30,097 - aqt.updater - INFO - updater 11248 Patching C:\Qt\6.8.0\msvc2022_64\lib\Qt6Network.prl
2026-08-03 15:55:30,105 - aqt.updater - INFO - updater 11248 Patching C:\Qt\6.8.0\msvc2022_64\lib\Qt6Networkd.prl
2026-08-03 15:55:30,111 - aqt.updater - INFO - updater 11248 Patching C:\Qt\6.8.0\msvc2022_64\lib\Qt6OpenGL.prl
2026-08-03 15:55:30,119 - aqt.updater - INFO - updater 11248 Patching C:\Qt\6.8.0\msvc2022_64\lib\Qt6OpenGLd.prl
2026-08-03 15:55:30,125 - aqt.updater - INFO - updater 11248 Patching C:\Qt\6.8.0\msvc2022_64\lib\Qt6OpenGLWidgets.prl
2026-08-03 15:55:30,133 - aqt.updater - INFO - updater 11248 Patching C:\Qt\6.8.0\msvc2022_64\lib\Qt6OpenGLWidgetsd.prl
2026-08-03 15:55:30,140 - aqt.updater - INFO - updater 11248 Patching C:\Qt\6.8.0\msvc2022_64\lib\Qt6PacketProtocol.prl
2026-08-03 15:55:30,146 - aqt.updater - INFO - updater 11248 Patching C:\Qt\6.8.0\msvc2022_64\lib\Qt6PacketProtocold.prl
2026-08-03 15:55:30,154 - aqt.updater - INFO - updater 11248 Patching C:\Qt\6.8.0\msvc2022_64\lib\Qt6PrintSupport.prl
2026-08-03 15:55:30,161 - aqt.updater - INFO - updater 11248 Patching C:\Qt\6.8.0\msvc2022_64\lib\Qt6PrintSupportd.prl
2026-08-03 15:55:30,168 - aqt.updater - INFO - updater 11248 Patching C:\Qt\6.8.0\msvc2022_64\lib\Qt6Qml.prl
2026-08-03 15:55:30,174 - aqt.updater - INFO - updater 11248 Patching C:\Qt\6.8.0\msvc2022_64\lib\Qt6QmlAssetDownloader.prl
2026-08-03 15:55:30,181 - aqt.updater - INFO - updater 11248 Patching C:\Qt\6.8.0\msvc2022_64\lib\Qt6QmlAssetDownloaderd.prl
2026-08-03 15:55:30,188 - aqt.updater - INFO - updater 11248 Patching C:\Qt\6.8.0\msvc2022_64\lib\Qt6QmlCompiler.prl
2026-08-03 15:55:30,196 - aqt.updater - INFO - updater 11248 Patching C:\Qt\6.8.0\msvc2022_64\lib\Qt6QmlCompilerd.prl
2026-08-03 15:55:30,203 - aqt.updater - INFO - updater 11248 Patching C:\Qt\6.8.0\msvc2022_64\lib\Qt6QmlCore.prl
2026-08-03 15:55:30,210 - aqt.updater - INFO - updater 11248 Patching C:\Qt\6.8.0\msvc2022_64\lib\Qt6QmlCored.prl
2026-08-03 15:55:30,217 - aqt.updater - INFO - updater 11248 Patching C:\Qt\6.8.0\msvc2022_64\lib\Qt6Qmld.prl
2026-08-03 15:55:30,224 - aqt.updater - INFO - updater 11248 Patching C:\Qt\6.8.0\msvc2022_64\lib\Qt6QmlDebug.prl
2026-08-03 15:55:30,231 - aqt.updater - INFO - updater 11248 Patching C:\Qt\6.8.0\msvc2022_64\lib\Qt6QmlDebugd.prl
2026-08-03 15:55:30,239 - aqt.updater - INFO - updater 11248 Patching C:\Qt\6.8.0\msvc2022_64\lib\Qt6QmlDom.prl
2026-08-03 15:55:30,246 - aqt.updater - INFO - updater 11248 Patching C:\Qt\6.8.0\msvc2022_64\lib\Qt6QmlDomd.prl
2026-08-03 15:55:30,253 - aqt.updater - INFO - updater 11248 Patching C:\Qt\6.8.0\msvc2022_64\lib\Qt6QmlLocalStorage.prl
2026-08-03 15:55:30,260 - aqt.updater - INFO - updater 11248 Patching C:\Qt\6.8.0\msvc2022_64\lib\Qt6QmlLocalStoraged.prl
2026-08-03 15:55:30,267 - aqt.updater - INFO - updater 11248 Patching C:\Qt\6.8.0\msvc2022_64\lib\Qt6QmlLS.prl
2026-08-03 15:55:30,275 - aqt.updater - INFO - updater 11248 Patching C:\Qt\6.8.0\msvc2022_64\lib\Qt6QmlLSd.prl
2026-08-03 15:55:30,284 - aqt.updater - INFO - updater 11248 Patching C:\Qt\6.8.0\msvc2022_64\lib\Qt6QmlMeta.prl
2026-08-03 15:55:30,291 - aqt.updater - INFO - updater 11248 Patching C:\Qt\6.8.0\msvc2022_64\lib\Qt6QmlMetad.prl
2026-08-03 15:55:30,298 - aqt.updater - INFO - updater 11248 Patching C:\Qt\6.8.0\msvc2022_64\lib\Qt6QmlModels.prl
2026-08-03 15:55:30,306 - aqt.updater - INFO - updater 11248 Patching C:\Qt\6.8.0\msvc2022_64\lib\Qt6QmlModelsd.prl
2026-08-03 15:55:30,313 - aqt.updater - INFO - updater 11248 Patching C:\Qt\6.8.0\msvc2022_64\lib\Qt6QmlNetwork.prl
2026-08-03 15:55:30,320 - aqt.updater - INFO - updater 11248 Patching C:\Qt\6.8.0\msvc2022_64\lib\Qt6QmlNetworkd.prl
2026-08-03 15:55:30,326 - aqt.updater - INFO - updater 11248 Patching C:\Qt\6.8.0\msvc2022_64\lib\Qt6QmlToolingSettings.prl
2026-08-03 15:55:30,333 - aqt.updater - INFO - updater 11248 Patching C:\Qt\6.8.0\msvc2022_64\lib\Qt6QmlToolingSettingsd.prl
2026-08-03 15:55:30,339 - aqt.updater - INFO - updater 11248 Patching C:\Qt\6.8.0\msvc2022_64\lib\Qt6QmlTypeRegistrar.prl
2026-08-03 15:55:30,347 - aqt.updater - INFO - updater 11248 Patching C:\Qt\6.8.0\msvc2022_64\lib\Qt6QmlTypeRegistrard.prl
2026-08-03 15:55:30,356 - aqt.updater - INFO - updater 11248 Patching C:\Qt\6.8.0\msvc2022_64\lib\Qt6QmlWorkerScript.prl
2026-08-03 15:55:30,365 - aqt.updater - INFO - updater 11248 Patching C:\Qt\6.8.0\msvc2022_64\lib\Qt6QmlWorkerScriptd.prl
2026-08-03 15:55:30,372 - aqt.updater - INFO - updater 11248 Patching C:\Qt\6.8.0\msvc2022_64\lib\Qt6QmlXmlListModel.prl
2026-08-03 15:55:30,379 - aqt.updater - INFO - updater 11248 Patching C:\Qt\6.8.0\msvc2022_64\lib\Qt6QmlXmlListModeld.prl
2026-08-03 15:55:30,386 - aqt.updater - INFO - updater 11248 Patching C:\Qt\6.8.0\msvc2022_64\lib\Qt6Quick.prl
2026-08-03 15:55:30,393 - aqt.updater - INFO - updater 11248 Patching C:\Qt\6.8.0\msvc2022_64\lib\Qt6QuickControls2.prl
2026-08-03 15:55:30,399 - aqt.updater - INFO - updater 11248 Patching C:\Qt\6.8.0\msvc2022_64\lib\Qt6QuickControls2Basic.prl
2026-08-03 15:55:30,406 - aqt.updater - INFO - updater 11248 Patching C:\Qt\6.8.0\msvc2022_64\lib\Qt6QuickControls2Basicd.prl
2026-08-03 15:55:30,413 - aqt.updater - INFO - updater 11248 Patching C:\Qt\6.8.0\msvc2022_64\lib\Qt6QuickControls2BasicStyleImpl.prl
2026-08-03 15:55:30,420 - aqt.updater - INFO - updater 11248 Patching C:\Qt\6.8.0\msvc2022_64\lib\Qt6QuickControls2BasicStyleImpld.prl
2026-08-03 15:55:30,427 - aqt.updater - INFO - updater 11248 Patching C:\Qt\6.8.0\msvc2022_64\lib\Qt6QuickControls2d.prl
2026-08-03 15:55:30,434 - aqt.updater - INFO - updater 11248 Patching C:\Qt\6.8.0\msvc2022_64\lib\Qt6QuickControls2FluentWinUI3StyleImpl.prl
2026-08-03 15:55:30,441 - aqt.updater - INFO - updater 11248 Patching C:\Qt\6.8.0\msvc2022_64\lib\Qt6QuickControls2FluentWinUI3StyleImpld.prl
2026-08-03 15:55:30,447 - aqt.updater - INFO - updater 11248 Patching C:\Qt\6.8.0\msvc2022_64\lib\Qt6QuickControls2Fusion.prl
2026-08-03 15:55:30,455 - aqt.updater - INFO - updater 11248 Patching C:\Qt\6.8.0\msvc2022_64\lib\Qt6QuickControls2Fusiond.prl
2026-08-03 15:55:30,461 - aqt.updater - INFO - updater 11248 Patching C:\Qt\6.8.0\msvc2022_64\lib\Qt6QuickControls2FusionStyleImpl.prl
2026-08-03 15:55:30,469 - aqt.updater - INFO - updater 11248 Patching C:\Qt\6.8.0\msvc2022_64\lib\Qt6QuickControls2FusionStyleImpld.prl
2026-08-03 15:55:30,476 - aqt.updater - INFO - updater 11248 Patching C:\Qt\6.8.0\msvc2022_64\lib\Qt6QuickControls2Imagine.prl
2026-08-03 15:55:30,482 - aqt.updater - INFO - updater 11248 Patching C:\Qt\6.8.0\msvc2022_64\lib\Qt6QuickControls2Imagined.prl
2026-08-03 15:55:30,490 - aqt.updater - INFO - updater 11248 Patching C:\Qt\6.8.0\msvc2022_64\lib\Qt6QuickControls2ImagineStyleImpl.prl
2026-08-03 15:55:30,497 - aqt.updater - INFO - updater 11248 Patching C:\Qt\6.8.0\msvc2022_64\lib\Qt6QuickControls2ImagineStyleImpld.prl
2026-08-03 15:55:30,504 - aqt.updater - INFO - updater 11248 Patching C:\Qt\6.8.0\msvc2022_64\lib\Qt6QuickControls2Impl.prl
2026-08-03 15:55:30,511 - aqt.updater - INFO - updater 11248 Patching C:\Qt\6.8.0\msvc2022_64\lib\Qt6QuickControls2Impld.prl
2026-08-03 15:55:30,518 - aqt.updater - INFO - updater 11248 Patching C:\Qt\6.8.0\msvc2022_64\lib\Qt6QuickControls2Material.prl
2026-08-03 15:55:30,524 - aqt.updater - INFO - updater 11248 Patching C:\Qt\6.8.0\msvc2022_64\lib\Qt6QuickControls2Materiald.prl
2026-08-03 15:55:30,531 - aqt.updater - INFO - updater 11248 Patching C:\Qt\6.8.0\msvc2022_64\lib\Qt6QuickControls2MaterialStyleImpl.prl
2026-08-03 15:55:30,541 - aqt.updater - INFO - updater 11248 Patching C:\Qt\6.8.0\msvc2022_64\lib\Qt6QuickControls2MaterialStyleImpld.prl
2026-08-03 15:55:30,552 - aqt.updater - INFO - updater 11248 Patching C:\Qt\6.8.0\msvc2022_64\lib\Qt6QuickControls2Universal.prl
2026-08-03 15:55:30,561 - aqt.updater - INFO - updater 11248 Patching C:\Qt\6.8.0\msvc2022_64\lib\Qt6QuickControls2Universald.prl
2026-08-03 15:55:30,571 - aqt.updater - INFO - updater 11248 Patching C:\Qt\6.8.0\msvc2022_64\lib\Qt6QuickControls2UniversalStyleImpl.prl
2026-08-03 15:55:30,580 - aqt.updater - INFO - updater 11248 Patching C:\Qt\6.8.0\msvc2022_64\lib\Qt6QuickControls2UniversalStyleImpld.prl
2026-08-03 15:55:30,588 - aqt.updater - INFO - updater 11248 Patching C:\Qt\6.8.0\msvc2022_64\lib\Qt6QuickControls2WindowsStyleImpl.prl
2026-08-03 15:55:30,597 - aqt.updater - INFO - updater 11248 Patching C:\Qt\6.8.0\msvc2022_64\lib\Qt6QuickControls2WindowsStyleImpld.prl
2026-08-03 15:55:30,606 - aqt.updater - INFO - updater 11248 Patching C:\Qt\6.8.0\msvc2022_64\lib\Qt6QuickControlsTestUtils.prl
2026-08-03 15:55:30,614 - aqt.updater - INFO - updater 11248 Patching C:\Qt\6.8.0\msvc2022_64\lib\Qt6QuickControlsTestUtilsd.prl
2026-08-03 15:55:30,621 - aqt.updater - INFO - updater 11248 Patching C:\Qt\6.8.0\msvc2022_64\lib\Qt6Quickd.prl
2026-08-03 15:55:30,628 - aqt.updater - INFO - updater 11248 Patching C:\Qt\6.8.0\msvc2022_64\lib\Qt6QuickDialogs2.prl
2026-08-03 15:55:30,635 - aqt.updater - INFO - updater 11248 Patching C:\Qt\6.8.0\msvc2022_64\lib\Qt6QuickDialogs2d.prl
2026-08-03 15:55:30,642 - aqt.updater - INFO - updater 11248 Patching C:\Qt\6.8.0\msvc2022_64\lib\Qt6QuickDialogs2QuickImpl.prl
2026-08-03 15:55:30,648 - aqt.updater - INFO - updater 11248 Patching C:\Qt\6.8.0\msvc2022_64\lib\Qt6QuickDialogs2QuickImpld.prl
2026-08-03 15:55:30,656 - aqt.updater - INFO - updater 11248 Patching C:\Qt\6.8.0\msvc2022_64\lib\Qt6QuickDialogs2Utils.prl
2026-08-03 15:55:30,663 - aqt.updater - INFO - updater 11248 Patching C:\Qt\6.8.0\msvc2022_64\lib\Qt6QuickDialogs2Utilsd.prl
2026-08-03 15:55:30,670 - aqt.updater - INFO - updater 11248 Patching C:\Qt\6.8.0\msvc2022_64\lib\Qt6QuickEffects.prl
2026-08-03 15:55:30,677 - aqt.updater - INFO - updater 11248 Patching C:\Qt\6.8.0\msvc2022_64\lib\Qt6QuickEffectsd.prl
2026-08-03 15:55:30,684 - aqt.updater - INFO - updater 11248 Patching C:\Qt\6.8.0\msvc2022_64\lib\Qt6QuickLayouts.prl
2026-08-03 15:55:30,690 - aqt.updater - INFO - updater 11248 Patching C:\Qt\6.8.0\msvc2022_64\lib\Qt6QuickLayoutsd.prl
2026-08-03 15:55:30,697 - aqt.updater - INFO - updater 11248 Patching C:\Qt\6.8.0\msvc2022_64\lib\Qt6QuickParticles.prl
2026-08-03 15:55:30,704 - aqt.updater - INFO - updater 11248 Patching C:\Qt\6.8.0\msvc2022_64\lib\Qt6QuickParticlesd.prl
2026-08-03 15:55:30,710 - aqt.updater - INFO - updater 11248 Patching C:\Qt\6.8.0\msvc2022_64\lib\Qt6QuickShapes.prl
2026-08-03 15:55:30,718 - aqt.updater - INFO - updater 11248 Patching C:\Qt\6.8.0\msvc2022_64\lib\Qt6QuickShapesd.prl
2026-08-03 15:55:30,725 - aqt.updater - INFO - updater 11248 Patching C:\Qt\6.8.0\msvc2022_64\lib\Qt6QuickTemplates2.prl
2026-08-03 15:55:30,732 - aqt.updater - INFO - updater 11248 Patching C:\Qt\6.8.0\msvc2022_64\lib\Qt6QuickTemplates2d.prl
2026-08-03 15:55:30,739 - aqt.updater - INFO - updater 11248 Patching C:\Qt\6.8.0\msvc2022_64\lib\Qt6QuickTest.prl
2026-08-03 15:55:30,745 - aqt.updater - INFO - updater 11248 Patching C:\Qt\6.8.0\msvc2022_64\lib\Qt6QuickTestd.prl
2026-08-03 15:55:30,753 - aqt.updater - INFO - updater 11248 Patching C:\Qt\6.8.0\msvc2022_64\lib\Qt6QuickTestUtils.prl
2026-08-03 15:55:30,762 - aqt.updater - INFO - updater 11248 Patching C:\Qt\6.8.0\msvc2022_64\lib\Qt6QuickTestUtilsd.prl
2026-08-03 15:55:30,770 - aqt.updater - INFO - updater 11248 Patching C:\Qt\6.8.0\msvc2022_64\lib\Qt6QuickVectorImage.prl
2026-08-03 15:55:30,777 - aqt.updater - INFO - updater 11248 Patching C:\Qt\6.8.0\msvc2022_64\lib\Qt6QuickVectorImaged.prl
2026-08-03 15:55:30,784 - aqt.updater - INFO - updater 11248 Patching C:\Qt\6.8.0\msvc2022_64\lib\Qt6QuickVectorImageGenerator.prl
2026-08-03 15:55:30,791 - aqt.updater - INFO - updater 11248 Patching C:\Qt\6.8.0\msvc2022_64\lib\Qt6QuickVectorImageGeneratord.prl
2026-08-03 15:55:30,798 - aqt.updater - INFO - updater 11248 Patching C:\Qt\6.8.0\msvc2022_64\lib\Qt6QuickWidgets.prl
2026-08-03 15:55:30,805 - aqt.updater - INFO - updater 11248 Patching C:\Qt\6.8.0\msvc2022_64\lib\Qt6QuickWidgetsd.prl
2026-08-03 15:55:30,811 - aqt.updater - INFO - updater 11248 Patching C:\Qt\6.8.0\msvc2022_64\lib\Qt6Sql.prl
2026-08-03 15:55:30,818 - aqt.updater - INFO - updater 11248 Patching C:\Qt\6.8.0\msvc2022_64\lib\Qt6Sqld.prl
2026-08-03 15:55:30,825 - aqt.updater - INFO - updater 11248 Patching C:\Qt\6.8.0\msvc2022_64\lib\Qt6Svg.prl
2026-08-03 15:55:30,831 - aqt.updater - INFO - updater 11248 Patching C:\Qt\6.8.0\msvc2022_64\lib\Qt6Svgd.prl
2026-08-03 15:55:30,839 - aqt.updater - INFO - updater 11248 Patching C:\Qt\6.8.0\msvc2022_64\lib\Qt6SvgWidgets.prl
2026-08-03 15:55:30,846 - aqt.updater - INFO - updater 11248 Patching C:\Qt\6.8.0\msvc2022_64\lib\Qt6SvgWidgetsd.prl
2026-08-03 15:55:30,853 - aqt.updater - INFO - updater 11248 Patching C:\Qt\6.8.0\msvc2022_64\lib\Qt6Test.prl
2026-08-03 15:55:30,860 - aqt.updater - INFO - updater 11248 Patching C:\Qt\6.8.0\msvc2022_64\lib\Qt6Testd.prl
2026-08-03 15:55:30,866 - aqt.updater - INFO - updater 11248 Patching C:\Qt\6.8.0\msvc2022_64\lib\Qt6UiTools.prl
2026-08-03 15:55:30,874 - aqt.updater - INFO - updater 11248 Patching C:\Qt\6.8.0\msvc2022_64\lib\Qt6UiToolsd.prl
2026-08-03 15:55:30,880 - aqt.updater - INFO - updater 11248 Patching C:\Qt\6.8.0\msvc2022_64\lib\Qt6Widgets.prl
2026-08-03 15:55:30,887 - aqt.updater - INFO - updater 11248 Patching C:\Qt\6.8.0\msvc2022_64\lib\Qt6Widgetsd.prl
2026-08-03 15:55:30,893 - aqt.updater - INFO - updater 11248 Patching C:\Qt\6.8.0\msvc2022_64\lib\Qt6Xml.prl
2026-08-03 15:55:30,900 - aqt.updater - INFO - updater 11248 Patching C:\Qt\6.8.0\msvc2022_64\lib\Qt6Xmld.prl
2026-08-03 15:55:30,908 - aqt.main - INFO - installer 11248 Finished installation
2026-08-03 15:55:30,908 - aqt.main - INFO - installer 11248 Time elapsed: 94.85014770 second
